Turbo Assembler	 Version 4.1	    04/07/15 12:15:43	    Page 1
part2.asm



      1	0000			     .MODEL SMALL
      2	0000			     .STACK 64
      3				     ;----------------------------------
      4	0000			     .DATA
      5	0000  4D 69 53 72 6F 73	6F+  DATA1    DB   'MiSrosoft','$'
      6	      66 74 24
      7				     ;----------------------------------
      8	000A			     .CODE
      9	0000			     MAIN PROC FAR
     10	0000  B8 0000s			  MOV AX,@DATA
     11	0003  8E D8			  MOV DS,AX
     12	0005  8E C0			  MOV ES,AX
     13	0007  FC			  CLD			;DF=0 FOR INCREMENT
     14	0008  BF 0000r			  MOV DI,OFFSET	DATA1	;ES:DI=ARRAY OFFSET
     15	000B  B9 000A			  MOV CX,0Ah		;LENGTH	OF ARRAY
     16	000E  B0 53			  MOV AL,'S'		;SCANNING FOR THE UPPERCASE'S'
     17	0010  F2> AE			  REPNE	SCASB		;REPEAT	THE SCANNING IF	NOT EQUAL
     18	0012  75 04			  JNE OVER		;CX=0,THEN JUMP	TO OVER
     19	0014  4F			  DEC DI		;DECREMENT TO POINT AT 'S'
     20	0015  C6 05 63			  MOV BYTE PTR[DI],'c'	;REPLACE 'S' WITH 'c'
     21	0018  B4 09		     OVER:MOV AH,09		;DISPLAY
     22	001A  BA 0000r			  MOV DX,OFFSET	DATA1
     23	001D  CD 21			  INT 21H
     24	001F  B4 4C			      MOV AH,04Ch		;RETURN	TO DOS
     25	0021  CD 21			      INT 21H
     26	0023			     MAIN ENDP
     27					  END MAIN
Turbo Assembler	 Version 4.1	    04/07/15 12:15:43	    Page 2
Symbol Table




Symbol Name			  Type	 Value

??DATE				  Text	 "04/07/15"
??FILENAME			  Text	 "part2	  "
??TIME				  Text	 "12:15:43"
??VERSION			  Number 040A
@32BIT				  Text	 0
@CODE				  Text	 _TEXT
@CODESIZE			  Text	 0
@CPU				  Text	 0101H
@CURSEG				  Text	 _TEXT
@DATA				  Text	 DGROUP
@DATASIZE			  Text	 0
@FILENAME			  Text	 PART2
@INTERFACE			  Text	 000H
@MODEL				  Text	 2
@STACK				  Text	 DGROUP
@WORDSIZE			  Text	 2
DATA1				  Byte	 DGROUP:0000
MAIN				  Far	 _TEXT:0000
OVER				  Near	 _TEXT:0018

Groups & Segments		  Bit Size Align  Combine Class

DGROUP				  Group
  STACK				  16  0040 Para	  Stack	  STACK
  _DATA				  16  000A Word	  Public  DATA
_TEXT				  16  0023 Word	  Public  CODE
